
 Name                 Time  Frac     dTime dFrac    Calls
----------------------------------------------------------
 jt9                 0.285  1.00     0.008  0.03        1
  read_wav           0.000  0.00     0.000  0.00      182
  jt65a              0.277  0.97     0.004  0.01        1
   symsp65           0.156  0.55     0.156  0.55        2
   sync65            0.004  0.01     0.004  0.01        2
   decod65a          0.062  0.22     0.008  0.03        5
    filbig           0.012  0.04     0.000  0.00        5
     FFTbig          0.004  0.01     0.004  0.01        2
     loops           0.000  0.00     0.000  0.00        5
     FFTsmall        0.008  0.03     0.008  0.03        5
    afc65b           0.023  0.08     0.000  0.00        5
     fchisq65        0.023  0.08     0.020  0.07      656
      ccf2           0.004  0.01     0.004  0.01      656
    dec65b           0.020  0.07     0.000  0.00        5
     ftrsd           0.020  0.07     0.020  0.07        5
   subtr65           0.051  0.18     0.000  0.00        2
    subtr_1          0.031  0.11     0.031  0.11        2
    subtr_2          0.020  0.07     0.020  0.07        2
    subtr_3          0.000  0.00     0.000  0.00        2
----------------------------------------------------------
                                     0.285  1.00
